stdout = ''
stderr = '''
error: non-exhaustive patterns in match expression
  ┌─ tests/fail/elaboration/non-exhaustive-patterns/fun-type.fathom:3:6
  │
3 │ fun (1 : U32) -> U32
  │      ^ patterns not covered

'''
