stdout = '''
let num : Format = s32be;
let x : num.Repr = 3;
let Point : Type = { x : num.Repr, y : num.Repr };
x : S32
'''
stderr = ''
