stdout = '''
let number : Format = overlap { u <- u32be where u >= (2 : U32), s <- s32be };
let _ : number.Repr -> { u : U32, s : S32 } = fun n => n;
() : ()
'''
stderr = ''
